execve("/bin/bash", ["bash", "netperf_testcode.sh"], 0x3ffffe8c70 /* 16 vars */) = 0
brk(NULL)                               = 0x2afcc09000
faccessat(AT_FDCWD, "/etc/ld.so.preload", R_OK) = -1 ENOENT (No such file or directory)
openat(AT_FDCWD, "/etc/ld.so.cache", O_RDONLY|O_CLOEXEC) = 3
fstat(3, {st_mode=S_IFREG|0644, st_size=13133, ...}) = 0
mmap(NULL, 13133, PROT_READ, MAP_PRIVATE, 3, 0) = 0x3ff393f000
close(3)                                = 0
openat(AT_FDCWD, "/lib/riscv64-linux-gnu/libtinfo.so.6", O_RDONLY|O_CLOEXEC) = 3
read(3, "\177ELF\2\1\1\0\0\0\0\0\0\0\0\0\3\0\363\0\1\0\0\0\220\346\0\0\0\0\0\0"..., 832) = 832
fstat(3, {st_mode=S_IFREG|0644, st_size=164400, ...}) = 0
mmap(NULL, 8192, PROT_READ|PROT_WRITE, MAP_PRIVATE|MAP_ANONYMOUS, -1, 0) = 0x3ff393d000
mmap(NULL, 167648, PROT_READ|PROT_EXEC, MAP_PRIVATE|MAP_DENYWRITE, 3, 0) = 0x3ff3914000
mmap(0x3ff3938000, 20480, PROT_READ|PROT_WRITE, MAP_PRIVATE|MAP_FIXED|MAP_DENYWRITE, 3, 0x23000) = 0x3ff3938000
close(3)                                = 0
openat(AT_FDCWD, "/lib/riscv64-linux-gnu/libdl.so.2", O_RDONLY|O_CLOEXEC) = 3
read(3, "\177ELF\2\1\1\0\0\0\0\0\0\0\0\0\3\0\363\0\1\0\0\0`\17\0\0\0\0\0\0"..., 832) = 832
fstat(3, {st_mode=S_IFREG|0644, st_size=10248, ...}) = 0
mmap(NULL, 12616, PROT_READ|PROT_EXEC, MAP_PRIVATE|MAP_DENYWRITE, 3, 0) = 0x3ff3910000
mmap(0x3ff3912000, 8192, PROT_READ|PROT_WRITE, MAP_PRIVATE|MAP_FIXED|MAP_DENYWRITE, 3, 0x1000) = 0x3ff3912000
close(3)                                = 0
openat(AT_FDCWD, "/lib/riscv64-linux-gnu/libc.so.6", O_RDONLY|O_CLOEXEC) = 3
read(3, "\177ELF\2\1\1\3\0\0\0\0\0\0\0\0\3\0\363\0\1\0\0\0x3\2\0\0\0\0\0"..., 832) = 832
fstat(3, {st_mode=S_IFREG|0755, st_size=1090056, ...}) = 0
mmap(NULL, 1101168, PROT_READ|PROT_EXEC, MAP_PRIVATE|MAP_DENYWRITE, 3, 0) = 0x3ff3803000
mmap(0x3ff3907000, 24576, PROT_READ|PROT_WRITE, MAP_PRIVATE|MAP_FIXED|MAP_DENYWRITE, 3, 0x103000) = 0x3ff3907000
mmap(0x3ff390d000, 11632, PROT_READ|PROT_WRITE, MAP_PRIVATE|MAP_FIXED|MAP_ANONYMOUS, -1, 0) = 0x3ff390d000
close(3)                                = 0
mmap(NULL, 8192, PROT_READ|PROT_WRITE, MAP_PRIVATE|MAP_ANONYMOUS, -1, 0) = 0x3ff3801000
mprotect(0x3ff3907000, 12288, PROT_READ) = 0
mprotect(0x3ff3912000, 4096, PROT_READ) = 0
mprotect(0x3ff3938000, 16384, PROT_READ) = 0
mprotect(0x2ac395d000, 12288, PROT_READ) = 0
mprotect(0x3ff395d000, 4096, PROT_READ) = 0
munmap(0x3ff393f000, 13133)             = 0
openat(AT_FDCWD, "/dev/tty", O_RDWR|O_NONBLOCK) = 3
close(3)                                = 0
brk(NULL)                               = 0x2afcc09000
brk(0x2afcc2a000)                       = 0x2afcc2a000
openat(AT_FDCWD, "/usr/lib/locale/locale-archive", O_RDONLY|O_CLOEXEC) = -1 ENOENT (No such file or directory)
openat(AT_FDCWD, "/usr/share/locale/locale.alias", O_RDONLY|O_CLOEXEC) = -1 ENOENT (No such file or directory)
openat(AT_FDCWD, "/usr/lib/locale/C.UTF-8/LC_IDENTIFICATION", O_RDONLY|O_CLOEXEC) = 3
fstat(3, {st_mode=S_IFREG|0644, st_size=252, ...}) = 0
mmap(NULL, 252, PROT_READ, MAP_PRIVATE, 3, 0) = 0x3ff3942000
close(3)                                = 0
openat(AT_FDCWD, "/usr/lib/riscv64-linux-gnu/gconv/gconv-modules.cache", O_RDONLY) = 3
fstat(3, {st_mode=S_IFREG|0644, st_size=27004, ...}) = 0
mmap(NULL, 27004, PROT_READ, MAP_SHARED, 3, 0) = 0x3ff37fa000
close(3)                                = 0
openat(AT_FDCWD, "/usr/lib/locale/C.UTF-8/LC_MEASUREMENT", O_RDONLY|O_CLOEXEC) = 3
fstat(3, {st_mode=S_IFREG|0644, st_size=23, ...}) = 0
mmap(NULL, 23, PROT_READ, MAP_PRIVATE, 3, 0) = 0x3ff3941000
close(3)                                = 0
openat(AT_FDCWD, "/usr/lib/locale/C.UTF-8/LC_TELEPHONE", O_RDONLY|O_CLOEXEC) = 3
fstat(3, {st_mode=S_IFREG|0644, st_size=47, ...}) = 0
mmap(NULL, 47, PROT_READ, MAP_PRIVATE, 3, 0) = 0x3ff3940000
close(3)                                = 0
openat(AT_FDCWD, "/usr/lib/locale/C.UTF-8/LC_ADDRESS", O_RDONLY|O_CLOEXEC) = 3
fstat(3, {st_mode=S_IFREG|0644, st_size=131, ...}) = 0
mmap(NULL, 131, PROT_READ, MAP_PRIVATE, 3, 0) = 0x3ff393f000
close(3)                                = 0
openat(AT_FDCWD, "/usr/lib/locale/C.UTF-8/LC_NAME", O_RDONLY|O_CLOEXEC) = 3
fstat(3, {st_mode=S_IFREG|0644, st_size=62, ...}) = 0
mmap(NULL, 62, PROT_READ, MAP_PRIVATE, 3, 0) = 0x3ff37f9000
close(3)                                = 0
openat(AT_FDCWD, "/usr/lib/locale/C.UTF-8/LC_PAPER", O_RDONLY|O_CLOEXEC) = 3
fstat(3, {st_mode=S_IFREG|0644, st_size=34, ...}) = 0
mmap(NULL, 34, PROT_READ, MAP_PRIVATE, 3, 0) = 0x3ff37f8000
close(3)                                = 0
openat(AT_FDCWD, "/usr/lib/locale/C.UTF-8/LC_MESSAGES", O_RDONLY|O_CLOEXEC) = 3
fstat(3, {st_mode=S_IFDIR|0755, st_size=4096, ...}) = 0
close(3)                                = 0
openat(AT_FDCWD, "/usr/lib/locale/C.UTF-8/LC_MESSAGES/SYS_LC_MESSAGES", O_RDONLY|O_CLOEXEC) = 3
fstat(3, {st_mode=S_IFREG|0644, st_size=48, ...}) = 0
mmap(NULL, 48, PROT_READ, MAP_PRIVATE, 3, 0) = 0x3ff37f7000
close(3)                                = 0
openat(AT_FDCWD, "/usr/lib/locale/C.UTF-8/LC_MONETARY", O_RDONLY|O_CLOEXEC) = 3
fstat(3, {st_mode=S_IFREG|0644, st_size=270, ...}) = 0
mmap(NULL, 270, PROT_READ, MAP_PRIVATE, 3, 0) = 0x3ff37f6000
close(3)                                = 0
openat(AT_FDCWD, "/usr/lib/locale/C.UTF-8/LC_COLLATE", O_RDONLY|O_CLOEXEC) = 3
fstat(3, {st_mode=S_IFREG|0644, st_size=1519554, ...}) = 0
mmap(NULL, 1519554, PROT_READ, MAP_PRIVATE, 3, 0) = 0x3ff3683000
close(3)                                = 0
openat(AT_FDCWD, "/usr/lib/locale/C.UTF-8/LC_TIME", O_RDONLY|O_CLOEXEC) = 3
fstat(3, {st_mode=S_IFREG|0644, st_size=3360, ...}) = 0
mmap(NULL, 3360, PROT_READ, MAP_PRIVATE, 3, 0) = 0x3ff3682000
close(3)                                = 0
openat(AT_FDCWD, "/usr/lib/locale/C.UTF-8/LC_NUMERIC", O_RDONLY|O_CLOEXEC) = 3
fstat(3, {st_mode=S_IFREG|0644, st_size=50, ...}) = 0
mmap(NULL, 50, PROT_READ, MAP_PRIVATE, 3, 0) = 0x3ff3681000
close(3)                                = 0
openat(AT_FDCWD, "/usr/lib/locale/C.UTF-8/LC_CTYPE", O_RDONLY|O_CLOEXEC) = 3
fstat(3, {st_mode=S_IFREG|0644, st_size=346132, ...}) = 0
mmap(NULL, 346132, PROT_READ, MAP_PRIVATE, 3, 0) = 0x3ff362c000
close(3)                                = 0
getuid()                                = 0
getgid()                                = 0
geteuid()                               = 0
getegid()                               = 0
rt_sigprocmask(SIG_BLOCK, NULL, [], 8)  = 0
ioctl(-1, TIOCGPGRP, 0x3fffc51934)      = -1 EBADF (Bad file descriptor)
sysinfo({uptime=139, loads=[36832, 28704, 11520], totalram=967340032, freeram=863416320, sharedram=229376, bufferram=6008832, totalswap=0, freeswap=0, procs=61, totalhigh=0, freehigh=0, mem_unit=1}) = 0
rt_sigaction(SIGCHLD, {sa_handler=SIG_DFL, sa_mask=[], sa_flags=SA_RESTART}, {sa_handler=SIG_DFL, sa_mask=[], sa_flags=0}, 8) = 0
rt_sigaction(SIGCHLD, {sa_handler=SIG_DFL, sa_mask=[], sa_flags=SA_RESTART}, {sa_handler=SIG_DFL, sa_mask=[], sa_flags=SA_RESTART}, 8) = 0
rt_sigaction(SIGINT, {sa_handler=SIG_DFL, sa_mask=[], sa_flags=0}, {sa_handler=SIG_DFL, sa_mask=[], sa_flags=0}, 8) = 0
rt_sigaction(SIGINT, {sa_handler=SIG_DFL, sa_mask=[], sa_flags=0}, {sa_handler=SIG_DFL, sa_mask=[], sa_flags=0}, 8) = 0
rt_sigaction(SIGQUIT, {sa_handler=SIG_DFL, sa_mask=[], sa_flags=0}, {sa_handler=SIG_DFL, sa_mask=[], sa_flags=0}, 8) = 0
rt_sigaction(SIGQUIT, {sa_handler=SIG_DFL, sa_mask=[], sa_flags=0}, {sa_handler=SIG_DFL, sa_mask=[], sa_flags=0}, 8) = 0
rt_sigaction(SIGTSTP, {sa_handler=SIG_DFL, sa_mask=[], sa_flags=0}, {sa_handler=SIG_DFL, sa_mask=[], sa_flags=0}, 8) = 0
rt_sigaction(SIGTSTP, {sa_handler=SIG_DFL, sa_mask=[], sa_flags=0}, {sa_handler=SIG_DFL, sa_mask=[], sa_flags=0}, 8) = 0
rt_sigaction(SIGTTIN, {sa_handler=SIG_DFL, sa_mask=[], sa_flags=0}, {sa_handler=SIG_DFL, sa_mask=[], sa_flags=0}, 8) = 0
rt_sigaction(SIGTTIN, {sa_handler=SIG_DFL, sa_mask=[], sa_flags=0}, {sa_handler=SIG_DFL, sa_mask=[], sa_flags=0}, 8) = 0
rt_sigaction(SIGTTOU, {sa_handler=SIG_DFL, sa_mask=[], sa_flags=0}, {sa_handler=SIG_DFL, sa_mask=[], sa_flags=0}, 8) = 0
rt_sigaction(SIGTTOU, {sa_handler=SIG_DFL, sa_mask=[], sa_flags=0}, {sa_handler=SIG_DFL, sa_mask=[], sa_flags=0}, 8) = 0
rt_sigprocmask(SIG_BLOCK, NULL, [], 8)  = 0
rt_sigaction(SIGQUIT, {sa_handler=SIG_IGN, sa_mask=[], sa_flags=0}, {sa_handler=SIG_DFL, sa_mask=[], sa_flags=0}, 8) = 0
uname({sysname="Linux", nodename="debian", ...}) = 0
newfstatat(AT_FDCWD, "/mnt", {st_mode=S_IFDIR|0755, st_size=8192, ...}, 0) = 0
newfstatat(AT_FDCWD, ".", {st_mode=S_IFDIR|0755, st_size=8192, ...}, 0) = 0
newfstatat(AT_FDCWD, "/mnt", {st_mode=S_IFDIR|0755, st_size=8192, ...}, 0) = 0
newfstatat(AT_FDCWD, "/root", {st_mode=S_IFDIR|0700, st_size=4096, ...}, 0) = 0
getpid()                                = 261
getppid()                               = 258
newfstatat(AT_FDCWD, ".", {st_mode=S_IFDIR|0755, st_size=8192, ...}, 0) = 0
newfstatat(AT_FDCWD, "/usr/local/sbin/bash", 0x3fffc51558, 0) = -1 ENOENT (No such file or directory)
newfstatat(AT_FDCWD, "/usr/local/bin/bash", 0x3fffc51558, 0) = -1 ENOENT (No such file or directory)
newfstatat(AT_FDCWD, "/usr/sbin/bash", 0x3fffc51558, 0) = -1 ENOENT (No such file or directory)
newfstatat(AT_FDCWD, "/usr/bin/bash", 0x3fffc51558, 0) = -1 ENOENT (No such file or directory)
newfstatat(AT_FDCWD, "/sbin/bash", 0x3fffc51558, 0) = -1 ENOENT (No such file or directory)
newfstatat(AT_FDCWD, "/bin/bash", {st_mode=S_IFREG|0755, st_size=938600, ...}, 0) = 0
newfstatat(AT_FDCWD, "/bin/bash", {st_mode=S_IFREG|0755, st_size=938600, ...}, 0) = 0
geteuid()                               = 0
getegid()                               = 0
getuid()                                = 0
getgid()                                = 0
faccessat(AT_FDCWD, "/bin/bash", X_OK)  = 0
newfstatat(AT_FDCWD, "/bin/bash", {st_mode=S_IFREG|0755, st_size=938600, ...}, 0) = 0
geteuid()                               = 0
getegid()                               = 0
getuid()                                = 0
getgid()                                = 0
faccessat(AT_FDCWD, "/bin/bash", R_OK)  = 0
newfstatat(AT_FDCWD, "/bin/bash", {st_mode=S_IFREG|0755, st_size=938600, ...}, 0) = 0
newfstatat(AT_FDCWD, "/bin/bash", {st_mode=S_IFREG|0755, st_size=938600, ...}, 0) = 0
geteuid()                               = 0
getegid()                               = 0
getuid()                                = 0
getgid()                                = 0
faccessat(AT_FDCWD, "/bin/bash", X_OK)  = 0
newfstatat(AT_FDCWD, "/bin/bash", {st_mode=S_IFREG|0755, st_size=938600, ...}, 0) = 0
geteuid()                               = 0
getegid()                               = 0
getuid()                                = 0
getgid()                                = 0
faccessat(AT_FDCWD, "/bin/bash", R_OK)  = 0
getpid()                                = 261
getppid()                               = 258
getpid()                                = 261
getppid()                               = 258
getpgid(0)                              = 258
ioctl(2, TIOCGPGRP, [258])              = 0
rt_sigaction(SIGCHLD, {sa_handler=0x2ac38d9364, sa_mask=[], sa_flags=SA_RESTART}, {sa_handler=SIG_DFL, sa_mask=[], sa_flags=SA_RESTART}, 8) = 0
prlimit64(0, RLIMIT_NPROC, NULL, {rlim_cur=3468, rlim_max=3468}) = 0
rt_sigprocmask(SIG_BLOCK, NULL, [], 8)  = 0
openat(AT_FDCWD, "netperf_testcode.sh", O_RDONLY) = 3
newfstatat(AT_FDCWD, "netperf_testcode.sh", {st_mode=S_IFREG|0755, st_size=634, ...}, 0) = 0
ioctl(3, TCGETS, 0x3fffc518c0)          = -1 ENOTTY (Inappropriate ioctl for device)
lseek(3, 0, SEEK_CUR)                   = 0
read(3, "ip=\"127.0.0.1\"\nport=12865\n\nrun_n"..., 80) = 80
lseek(3, 0, SEEK_SET)                   = 0
prlimit64(0, RLIMIT_NOFILE, NULL, {rlim_cur=1024, rlim_max=1024*1024}) = 0
fcntl(255, F_GETFD)                     = -1 EBADF (Bad file descriptor)
dup3(3, 255, 0)                         = 255
close(3)                                = 0
fcntl(255, F_SETFD, FD_CLOEXEC)         = 0
fcntl(255, F_GETFL)                     = 0x8000 (flags O_RDONLY|O_LARGEFILE)
fstat(255, {st_mode=S_IFREG|0755, st_size=634, ...}) = 0
lseek(255, 0, SEEK_CUR)                 = 0
read(255, "ip=\"127.0.0.1\"\nport=12865\n\nrun_n"..., 634) = 634
rt_sigprocmask(SIG_BLOCK, NULL, [], 8)  = 0
rt_sigprocmask(SIG_BLOCK, [INT TERM CHLD], [], 8) = 0
lseek(255, -346, SEEK_CUR)              = 288
clone(child_stack=NULL, flags=CLONE_CHILD_CLEARTID|CLONE_CHILD_SETTID|SIGCHLD, child_tidptr=0x3ff38010e0) = 262
rt_sigprocmask(SIG_SETMASK, [], strace: Process 262 attached
NULL, 8) = 0
[pid   261] rt_sigprocmask(SIG_BLOCK, [CHLD],  <unfinished ...>
[pid   262] getpid( <unfinished ...>
[pid   261] <... rt_sigprocmask resumed>[], 8) = 0
[pid   262] <... getpid resumed>)       = 262
[pid   261] rt_sigprocmask(SIG_BLOCK, [CHLD],  <unfinished ...>
[pid   262] close(255 <unfinished ...>
[pid   261] <... rt_sigprocmask resumed>[CHLD], 8) = 0
[pid   262] <... close resumed>)        = 0
[pid   261] rt_sigprocmask(SIG_SETMASK, [CHLD],  <unfinished ...>
[pid   262] rt_sigprocmask(SIG_SETMASK, [],  <unfinished ...>
[pid   261] <... rt_sigprocmask resumed>NULL, 8) = 0
[pid   262] <... rt_sigprocmask resumed>NULL, 8) = 0
[pid   261] rt_sigprocmask(SIG_BLOCK, [CHLD],  <unfinished ...>
[pid   262] rt_sigaction(SIGTSTP, {sa_handler=SIG_DFL, sa_mask=[], sa_flags=0},  <unfinished ...>
[pid   261] <... rt_sigprocmask resumed>[CHLD], 8) = 0
[pid   262] <... rt_sigaction resumed>{sa_handler=SIG_DFL, sa_mask=[], sa_flags=0}, 8) = 0
[pid   261] rt_sigprocmask(SIG_SETMASK, [CHLD],  <unfinished ...>
[pid   262] rt_sigaction(SIGTTIN, {sa_handler=SIG_DFL, sa_mask=[], sa_flags=0},  <unfinished ...>
[pid   261] <... rt_sigprocmask resumed>NULL, 8) = 0
[pid   262] <... rt_sigaction resumed>{sa_handler=SIG_DFL, sa_mask=[], sa_flags=0}, 8) = 0
[pid   261] rt_sigprocmask(SIG_BLOCK, [CHLD],  <unfinished ...>
[pid   262] rt_sigaction(SIGTTOU, {sa_handler=SIG_DFL, sa_mask=[], sa_flags=0},  <unfinished ...>
[pid   261] <... rt_sigprocmask resumed>[CHLD], 8) = 0
[pid   262] <... rt_sigaction resumed>{sa_handler=SIG_DFL, sa_mask=[], sa_flags=0}, 8) = 0
[pid   261] rt_sigprocmask(SIG_SETMASK, [CHLD], NULL, 8) = 0
[pid   261] rt_sigprocmask(SIG_SETMASK, [], NULL, 8) = 0
[pid   261] read(255, "server_pid=$!\n\nrun_netperf UDP_S"..., 634) = 346
[pid   262] rt_sigaction(SIGINT, {sa_handler=SIG_DFL, sa_mask=[], sa_flags=0},  <unfinished ...>
[pid   261] fstat(1,  <unfinished ...>
[pid   262] <... rt_sigaction resumed>{sa_handler=SIG_DFL, sa_mask=[], sa_flags=0}, 8) = 0
[pid   262] rt_sigaction(SIGQUIT, {sa_handler=SIG_DFL, sa_mask=[], sa_flags=0},  <unfinished ...>
[pid   261] <... fstat resumed>{st_mode=S_IFCHR|0600, st_rdev=makedev(0x4, 0x40), ...}) = 0
[pid   262] <... rt_sigaction resumed>{sa_handler=SIG_IGN, sa_mask=[], sa_flags=0}, 8) = 0
[pid   261] ioctl(1, TCGETS <unfinished ...>
[pid   262] rt_sigaction(SIGCHLD, {sa_handler=SIG_DFL, sa_mask=[], sa_flags=SA_RESTART},  <unfinished ...>
[pid   261] <... ioctl resumed>, {B9600 opost isig icanon echo ...}) = 0
[pid   262] <... rt_sigaction resumed>{sa_handler=0x2ac38d9364, sa_mask=[], sa_flags=SA_RESTART}, 8) = 0
[pid   261] write(1, "====== netperf UDP_STREAM begin "..., 39====== netperf UDP_STREAM begin ======
 <unfinished ...>
[pid   262] openat(AT_FDCWD, "/dev/null", O_RDONLY <unfinished ...>
[pid   261] <... write resumed>)        = 39
[pid   262] <... openat resumed>)       = 3
[pid   262] dup3(3, 0, 0)               = 0
[pid   261] rt_sigprocmask(SIG_BLOCK, NULL,  <unfinished ...>
[pid   262] close(3 <unfinished ...>
[pid   261] <... rt_sigprocmask resumed>[], 8) = 0
[pid   262] <... close resumed>)        = 0
[pid   261] rt_sigprocmask(SIG_BLOCK, [INT TERM CHLD],  <unfinished ...>
[pid   262] rt_sigaction(SIGINT, {sa_handler=SIG_IGN, sa_mask=[], sa_flags=0},  <unfinished ...>
[pid   261] <... rt_sigprocmask resumed>[], 8) = 0
[pid   262] <... rt_sigaction resumed>{sa_handler=SIG_DFL, sa_mask=[], sa_flags=0}, 8) = 0
[pid   261] lseek(255, -279, SEEK_CUR <unfinished ...>
[pid   262] rt_sigaction(SIGQUIT, {sa_handler=SIG_IGN, sa_mask=[], sa_flags=0},  <unfinished ...>
[pid   261] <... lseek resumed>)        = 355
[pid   262] <... rt_sigaction resumed>{sa_handler=SIG_DFL, sa_mask=[], sa_flags=0}, 8) = 0
[pid   261] clone(child_stack=NULL, flags=CLONE_CHILD_CLEARTID|CLONE_CHILD_SETTID|SIGCHLD <unfinished ...>
[pid   262] execve("./netserver", ["./netserver", "-D", "-L", "127.0.0.1", "-p", "12865"], 0x2afcc1bff0 /* 16 vars */strace: Process 263 attached
 <unfinished ...>
[pid   261] <... clone resumed>, child_tidptr=0x3ff38010e0) = 263
[pid   263] getpid( <unfinished ...>
[pid   261] rt_sigprocmask(SIG_SETMASK, [],  <unfinished ...>
[pid   263] <... getpid resumed>)       = 263
[pid   261] <... rt_sigprocmask resumed>NULL, 8) = 0
[pid   263] close(255 <unfinished ...>
[pid   261] rt_sigprocmask(SIG_BLOCK, [CHLD],  <unfinished ...>
[pid   263] <... close resumed>)        = 0
[pid   262] <... execve resumed>)       = 0
[pid   261] <... rt_sigprocmask resumed>[], 8) = 0
[pid   263] rt_sigprocmask(SIG_SETMASK, [],  <unfinished ...>
[pid   261] rt_sigprocmask(SIG_SETMASK, [],  <unfinished ...>
[pid   263] <... rt_sigprocmask resumed>NULL, 8) = 0
[pid   262] set_tid_address(0x5a3d8 <unfinished ...>
[pid   261] <... rt_sigprocmask resumed>NULL, 8) = 0
[pid   263] rt_sigaction(SIGTSTP, {sa_handler=SIG_DFL, sa_mask=[], sa_flags=0},  <unfinished ...>
[pid   262] <... set_tid_address resumed>) = 262
[pid   261] rt_sigprocmask(SIG_BLOCK, [CHLD],  <unfinished ...>
[pid   263] <... rt_sigaction resumed>{sa_handler=SIG_DFL, sa_mask=[], sa_flags=0}, 8) = 0
[pid   262] brk(NULL <unfinished ...>
[pid   261] <... rt_sigprocmask resumed>[], 8) = 0
[pid   263] rt_sigaction(SIGTTIN, {sa_handler=SIG_DFL, sa_mask=[], sa_flags=0},  <unfinished ...>
[pid   262] <... brk resumed>)          = 0xf91000
[pid   261] rt_sigaction(SIGINT, {sa_handler=0x2ac38d7140, sa_mask=[], sa_flags=0},  <unfinished ...>
[pid   263] <... rt_sigaction resumed>{sa_handler=SIG_DFL, sa_mask=[], sa_flags=0}, 8) = 0
[pid   262] brk(0xf92000 <unfinished ...>
[pid   261] <... rt_sigaction resumed>{sa_handler=SIG_DFL, sa_mask=[], sa_flags=0}, 8) = 0
[pid   263] rt_sigaction(SIGTTOU, {sa_handler=SIG_DFL, sa_mask=[], sa_flags=0},  <unfinished ...>
[pid   262] <... brk resumed>)          = 0xf92000
[pid   261] wait4(-1,  <unfinished ...>
[pid   263] <... rt_sigaction resumed>{sa_handler=SIG_DFL, sa_mask=[], sa_flags=0}, 8) = 0
[pid   262] getpid( <unfinished ...>
[pid   263] rt_sigaction(SIGINT, {sa_handler=SIG_DFL, sa_mask=[], sa_flags=0},  <unfinished ...>
[pid   262] <... getpid resumed>)       = 262
[pid   263] <... rt_sigaction resumed>{sa_handler=SIG_DFL, sa_mask=[], sa_flags=0}, 8) = 0
[pid   263] rt_sigaction(SIGQUIT, {sa_handler=SIG_DFL, sa_mask=[], sa_flags=0},  <unfinished ...>
[pid   262] socket(AF_INET, SOCK_STREAM, IPPROTO_IP <unfinished ...>
[pid   263] <... rt_sigaction resumed>{sa_handler=SIG_IGN, sa_mask=[], sa_flags=0}, 8) = 0
[pid   262] <... socket resumed>)       = 3
[pid   263] rt_sigaction(SIGCHLD, {sa_handler=SIG_DFL, sa_mask=[], sa_flags=SA_RESTART},  <unfinished ...>
[pid   262] setsockopt(3, SOL_SOCKET, SO_REUSEADDR, [1], 4 <unfinished ...>
[pid   263] <... rt_sigaction resumed>{sa_handler=0x2ac38d9364, sa_mask=[], sa_flags=SA_RESTART}, 8) = 0
[pid   262] <... setsockopt resumed>)   = 0
[pid   263] execve("./netperf", ["./netperf", "-H", "127.0.0.1", "-p", "12865", "-t", "UDP_STREAM", "-l", "1", "--", "-s", "16k", "-S", "16k", "-m", "1k", "-M", "1k"], 0x2afcc1bff0 /* 16 vars */ <unfinished ...>
[pid   262] bind(3, {sa_family=AF_INET, sin_port=htons(12865), sin_addr=inet_addr("127.0.0.1")}, 16) = 0
[pid   262] listen(3, 1024)             = 0
[pid   262] ioctl(1, TIOCGWINSZ <unfinished ...>
[pid   263] <... execve resumed>)       = 0
[pid   262] <... ioctl resumed>, {ws_row=24, ws_col=80, ws_xpixel=0, ws_ypixel=0}) = 0
[pid   262] writev(1, [{iov_base="Starting netserver with host '12"..., iov_len=74}, {iov_base="\n", iov_len=1}], 2Starting netserver with host '127.0.0.1' port '12865' and family AF_UNSPEC
 <unfinished ...>
[pid   263] set_tid_address(0x582e0 <unfinished ...>
[pid   262] <... writev resumed>)       = 75
[pid   263] <... set_tid_address resumed>) = 263
[pid   262] pselect6(4, [3], [], [], NULL, {NULL, 8} <unfinished ...>
[pid   263] brk(NULL)                   = 0x2faa9000
[pid   263] brk(0x2faaa000)             = 0x2faaa000
[pid   263] getpid()                    = 263
[pid   263] socket(AF_INET, SOCK_DGRAM|SOCK_CLOEXEC, IPPROTO_UDP) = 3
[pid   263] connect(3, {sa_family=AF_INET, sin_port=htons(65535), sin_addr=inet_addr("127.0.0.1")}, 16) = 0
[pid   263] close(3)                    = 0
[pid   263] socket(AF_INET6, SOCK_DGRAM|SOCK_CLOEXEC, IPPROTO_UDP) = 3
[pid   263] connect(3, {sa_family=AF_INET6, sin6_port=htons(65535), sin6_flowinfo=htonl(0), inet_pton(AF_INET6, "::1", &sin6_addr), sin6_scope_id=0}, 28) = 0
[pid   263] close(3)                    = 0
[pid   263] clock_gettime(CLOCK_REALTIME, {tv_sec=1689009827, tv_nsec=595106889}) = 0
[pid   263] clock_gettime(CLOCK_REALTIME, {tv_sec=1689009827, tv_nsec=597743576}) = 0
[pid   263] openat(AT_FDCWD, "/dev/urandom", O_RDONLY|O_LARGEFILE) = 3
[pid   263] read(3, "\247rYd\201\2\336,\341\360D*\25\304\373\25", 16) = 16
[pid   263] close(3)                    = 0
[pid   263] clock_gettime(CLOCK_REALTIME, {tv_sec=1689009827, tv_nsec=606560631}) = 0
[pid   263] socket(AF_INET, SOCK_DGRAM|SOCK_CLOEXEC, IPPROTO_UDP) = 3
[pid   263] connect(3, {sa_family=AF_INET, sin_port=htons(65535), sin_addr=inet_addr("127.0.0.1")}, 16) = 0
[pid   263] close(3)                    = 0
[pid   263] socket(AF_INET, SOCK_DGRAM|SOCK_CLOEXEC, IPPROTO_UDP) = 3
[pid   263] connect(3, {sa_family=AF_INET, sin_port=htons(65535), sin_addr=inet_addr("127.0.0.1")}, 16) = 0
[pid   263] close(3)                    = 0
[pid   263] socket(AF_INET6, SOCK_DGRAM|SOCK_CLOEXEC, IPPROTO_UDP) = 3
[pid   263] connect(3, {sa_family=AF_INET6, sin6_port=htons(65535), sin6_flowinfo=htonl(0), inet_pton(AF_INET6, "::1", &sin6_addr), sin6_scope_id=0}, 28) = 0
[pid   263] close(3)                    = 0
[pid   263] socket(AF_INET, SOCK_STREAM, IPPROTO_IP) = 3
[pid   263] bind(3, {sa_family=AF_INET, sin_port=htons(0), sin_addr=inet_addr("0.0.0.0")}, 16) = 0
[pid   263] connect(3, {sa_family=AF_INET, sin_port=htons(12865), sin_addr=inet_addr("127.0.0.1")}, 16 <unfinished ...>
[pid   262] <... pselect6 resumed>)     = 1 (in [3])
[pid   262] accept(3, {sa_family=AF_INET, sin_port=htons(38765), sin_addr=inet_addr("127.0.0.1")}, [128->16]) = 4
[pid   262] setsockopt(4, SOL_SOCKET, SO_KEEPALIVE, [1], 4) = 0
[pid   262] rt_sigaction(SIGCHLD, {sa_handler=SIG_IGN, sa_mask=[FPE KILL SEGV USR2 PIPE ALRM STOP], sa_flags=SA_RESTART|0x4000000}, {sa_handler=SIG_DFL, sa_mask=[], sa_flags=0}, 8) = 0
[pid   262] rt_sigprocmask(SIG_BLOCK, ~[], [], 8) = 0
[pid   262] clone(child_stack=NULL, flags=SIGCHLD) = 264
[pid   262] rt_sigprocmask(SIG_SETMASK, [], strace: Process 264 attached
NULL, 8) = 0
[pid   264] gettid( <unfinished ...>
[pid   262] close(4 <unfinished ...>
[pid   264] <... gettid resumed>)       = 264
[pid   262] <... close resumed>)        = 0
[pid   264] rt_sigprocmask(SIG_SETMASK, [],  <unfinished ...>
[pid   262] pselect6(4, [3], [], [], NULL, {NULL, 8} <unfinished ...>
[pid   264] <... rt_sigprocmask resumed>NULL, 8) = 0
[pid   263] <... connect resumed>)      = 0
[pid   264] close(3 <unfinished ...>
[pid   263] socket(AF_INET, SOCK_DGRAM|SOCK_CLOEXEC, IPPROTO_UDP <unfinished ...>
[pid   264] <... close resumed>)        = 0
[pid   263] <... socket resumed>)       = 4
[pid   264] openat(AT_FDCWD, "/dev/null", O_WRONLY|O_CREAT|O_TRUNC|O_LARGEFILE, 0666 <unfinished ...>
[pid   263] connect(4, {sa_family=AF_INET, sin_port=htons(65535), sin_addr=inet_addr("127.0.0.1")}, 16 <unfinished ...>
[pid   264] <... openat resumed>)       = 3
[pid   263] <... connect resumed>)      = 0
[pid   264] ioctl(3, TIOCGWINSZ <unfinished ...>
[pid   263] close(4 <unfinished ...>
[pid   264] <... ioctl resumed>, 0x3fffc148a8) = -1 ENOTTY (Inappropriate ioctl for device)
[pid   263] <... close resumed>)        = 0
[pid   264] fchmodat(AT_FDCWD, "/dev/null", 0644 <unfinished ...>
[pid   263] socket(AF_INET, SOCK_DGRAM|SOCK_CLOEXEC, IPPROTO_UDP <unfinished ...>
[pid   264] <... fchmodat resumed>)     = 0
[pid   263] <... socket resumed>)       = 4
[pid   264] openat(AT_FDCWD, "/dev/null", O_RDONLY|O_LARGEFILE <unfinished ...>
[pid   263] connect(4, {sa_family=AF_INET, sin_port=htons(65535), sin_addr=inet_addr("127.0.0.1")}, 16 <unfinished ...>
[pid   264] <... openat resumed>)       = 5
[pid   263] <... connect resumed>)      = 0
[pid   264] close(0 <unfinished ...>
[pid   263] close(4 <unfinished ...>
[pid   264] <... close resumed>)        = 0
[pid   263] <... close resumed>)        = 0
[pid   264] dup(5 <unfinished ...>
[pid   263] socket(AF_INET6, SOCK_DGRAM|SOCK_CLOEXEC, IPPROTO_UDP <unfinished ...>
[pid   264] <... dup resumed>)          = 0
[pid   263] <... socket resumed>)       = 4
[pid   264] close(1 <unfinished ...>
[pid   263] connect(4, {sa_family=AF_INET6, sin6_port=htons(65535), sin6_flowinfo=htonl(0), inet_pton(AF_INET6, "::1", &sin6_addr), sin6_scope_id=0}, 28 <unfinished ...>
[pid   264] <... close resumed>)        = 0
[pid   263] <... connect resumed>)      = 0
[pid   264] dup(3 <unfinished ...>
[pid   263] close(4 <unfinished ...>
[pid   264] <... dup resumed>)          = 1
[pid   263] <... close resumed>)        = 0
[pid   264] close(2 <unfinished ...>
[pid   263] ioctl(1, TIOCGWINSZ <unfinished ...>
[pid   264] <... close resumed>)        = 0
[pid   263] <... ioctl resumed>, {ws_row=24, ws_col=80, ws_xpixel=0, ws_ypixel=0}) = 0
[pid   264] dup(3 <unfinished ...>
[pid   263] writev(1, [{iov_base="MIGRATED UDP STREAM TEST from 0."..., iov_len=100}, {iov_base="\n", iov_len=1}], 2MIGRATED UDP STREAM TEST from 0.0.0.0 (0.0.0.0) port 0 AF_INET to 127.0.0.1 (127.0.0) port 0 AF_INET
 <unfinished ...>
[pid   264] <... dup resumed>)          = 2
[pid   263] <... writev resumed>)       = 101
[pid   264] pselect6(1024, [4], NULL, NULL, NULL, {NULL, 8} <unfinished ...>
[pid   263] socket(AF_INET, SOCK_DGRAM, IPPROTO_UDP) = 4
[pid   263] setsockopt(4, SOL_SOCKET, SO_SNDBUF, [16000], 4) = 0
[pid   263] getsockopt(4, SOL_SOCKET, SO_SNDBUF, [32000], [4]) = 0
[pid   263] setsockopt(4, SOL_SOCKET, SO_RCVBUF, [16000], 4) = 0
[pid   263] getsockopt(4, SOL_SOCKET, SO_RCVBUF, [32000], [4]) = 0
[pid   263] setsockopt(4, SOL_SOCKET, SO_REUSEADDR, [1], 4) = 0
[pid   263] bind(4, {sa_family=AF_INET, sin_port=htons(0), sin_addr=inet_addr("0.0.0.0")}, 16) = 0
[pid   263] setsockopt(4, SOL_SOCKET, SO_DONTROUTE, [1], 4) = 0
[pid   263] setsockopt(4, SOL_IP, IP_RECVERR, [1], 4) = 0
[pid   263] brk(0x2faab000)             = 0x2faab000
[pid   263] brk(0x2faac000)             = 0x2faac000
[pid   263] brk(0x2faad000)             = 0x2faad000
[pid   263] brk(0x2faae000)             = 0x2faae000
[pid   263] brk(0x2faaf000)             = 0x2faaf000
[pid   263] brk(0x2fab0000)             = 0x2fab0000
[pid   263] brk(0x2fab1000)             = 0x2fab1000
[pid   263] brk(0x2fab2000)             = 0x2fab2000
[pid   263] brk(0x2fab3000)             = 0x2fab3000
[pid   263] getsockname(4, {sa_family=AF_INET, sin_port=htons(53615), sin_addr=inet_addr("0.0.0.0")}, [128->16]) = 0
[pid   263] sendto(3, "\0\0\0a\377\377\377\377\0\0>\200\377\377\377\377\0\0\0\10\0\0\0\0\0\0\0!\377\377\377\377"..., 656, 0, NULL, 0 <unfinished ...>
[pid   264] <... pselect6 resumed>)     = 1 (in [4])
[pid   264] recvfrom(4,  <unfinished ...>
[pid   263] <... sendto resumed>)       = 656
[pid   264] <... recvfrom resumed>"\0\0\0a\377\377\377\377\0\0>\200\377\377\377\377\0\0\0\10\0\0\0\0\0\0\0!\377\377\377\377"..., 656, 0, NULL, NULL) = 656
[pid   263] pselect6(1024, [3], NULL, NULL, {tv_sec=120, tv_nsec=0}, {NULL, 8} <unfinished ...>
[pid   264] socket(AF_INET, SOCK_DGRAM|SOCK_CLOEXEC, IPPROTO_UDP) = 6
[pid   264] connect(6, {sa_family=AF_INET, sin_port=htons(65535), sin_addr=inet_addr("127.0.0.1")}, 16) = 0
[pid   264] close(6)                    = 0
[pid   264] socket(AF_INET, SOCK_DGRAM, IPPROTO_UDP) = 6
[pid   264] setsockopt(6, SOL_SOCKET, SO_SNDBUF, [16000], 4) = 0
[pid   264] getsockopt(6, SOL_SOCKET, SO_SNDBUF, [32000], [4]) = 0
[pid   264] setsockopt(6, SOL_SOCKET, SO_RCVBUF, [16000], 4) = 0
[pid   264] getsockopt(6, SOL_SOCKET, SO_RCVBUF, [32000], [4]) = 0
[pid   264] setsockopt(6, SOL_SOCKET, SO_REUSEADDR, [1], 4) = 0
[pid   264] bind(6, {sa_family=AF_INET, sin_port=htons(0), sin_addr=inet_addr("0.0.0.0")}, 16) = 0
[pid   264] setsockopt(6, SOL_SOCKET, SO_DONTROUTE, [1], 4) = 0
[pid   264] brk(0xf93000)               = 0xf93000
[pid   264] brk(0xf94000)               = 0xf94000
[pid   264] brk(0xf95000)               = 0xf95000
[pid   264] brk(0xf96000)               = 0xf96000
[pid   264] brk(0xf97000)               = 0xf97000
[pid   264] brk(0xf98000)               = 0xf98000
[pid   264] brk(0xf99000)               = 0xf99000
[pid   264] brk(0xf9a000)               = 0xf9a000
[pid   264] brk(0xf9b000)               = 0xf9b000
[pid   264] getsockname(6, {sa_family=AF_INET, sin_port=htons(37428), sin_addr=inet_addr("0.0.0.0")}, [128->16]) = 0
[pid   264] sendto(4, "\0\0\0b\0\0\0\0\0\0}\0\0\0\3\350\0\0\0!\0\0}\0\377\377\377\377\0\0\0!"..., 656, 0, NULL, 0) = 656
[pid   263] <... pselect6 resumed>)     = 1 (in [3], left {tv_sec=119, tv_nsec=945581675})
[pid   264] clock_gettime(CLOCK_REALTIME,  <unfinished ...>
[pid   263] recvfrom(3,  <unfinished ...>
[pid   264] <... clock_gettime resumed>{tv_sec=1689009827, tv_nsec=894041580}) = 0
[pid   263] <... recvfrom resumed>"\0\0\0b\0\0\0\0\0\0}\0\0\0\3\350\0\0\0!\0\0}\0\377\377\377\377\0\0\0!"..., 656, 0, NULL, NULL) = 656
[pid   264] rt_sigprocmask(SIG_UNBLOCK, [RT_1 RT_2],  <unfinished ...>
[pid   263] rt_sigprocmask(SIG_UNBLOCK, [RT_1 RT_2],  <unfinished ...>
[pid   264] <... rt_sigprocmask resumed>NULL, 8) = 0
[pid   263] <... rt_sigprocmask resumed>NULL, 8) = 0
[pid   264] rt_sigaction(SIGALRM, {sa_handler=0x12c10, sa_mask=[FPE KILL SEGV USR2 PIPE ALRM STOP], sa_flags=0x4000000 /* SA_??? */},  <unfinished ...>
[pid   263] rt_sigaction(SIGALRM, {sa_handler=0x111ec, sa_mask=[QUIT FPE KILL SEGV USR2 PIPE STOP], sa_flags=0x4000000 /* SA_??? */},  <unfinished ...>
[pid   264] <... rt_sigaction resumed>NULL, 8) = 0
[pid   263] <... rt_sigaction resumed>NULL, 8) = 0
[pid   264] rt_sigaction(SIGINT, {sa_handler=0x12c10, sa_mask=[FPE KILL SEGV USR2 PIPE ALRM STOP], sa_flags=0x4000000 /* SA_??? */},  <unfinished ...>
[pid   263] rt_sigaction(SIGINT, {sa_handler=0x111ec, sa_mask=[QUIT FPE KILL SEGV USR2 PIPE STOP], sa_flags=0x4000000 /* SA_??? */},  <unfinished ...>
[pid   264] <... rt_sigaction resumed>NULL, 8) = 0
[pid   263] <... rt_sigaction resumed>NULL, 8) = 0
[pid   264] setitimer(ITIMER_REAL, {it_interval={tv_sec=0, tv_usec=0}, it_value={tv_sec=5, tv_usec=0}},  <unfinished ...>
[pid   263] setitimer(ITIMER_REAL, {it_interval={tv_sec=0, tv_usec=0}, it_value={tv_sec=1, tv_usec=0}},  <unfinished ...>
[pid   264] <... setitimer resumed>{it_interval={tv_sec=0, tv_usec=0}, it_value={tv_sec=0, tv_usec=0}}) = 0
[pid   263] <... setitimer resumed>{it_interval={tv_sec=0, tv_usec=0}, it_value={tv_sec=0, tv_usec=0}}) = 0
[pid   264] recvfrom(6,  <unfinished ...>
[pid   263] clock_gettime(CLOCK_REALTIME, {tv_sec=1689009827, tv_nsec=930071298}) = 0
[pid   263] sendto(4, "netperf\0netperf\0netperf\0netperf\0"..., 1000, 0, {sa_family=AF_INET, sin_port=htons(37428), sin_addr=inet_addr("127.0.0.1")}, 16 <unfinished ...>
[pid   264] <... recvfrom resumed>"netperf\0netperf\0netperf\0netperf\0"..., 1000, 0, {sa_family=AF_INET, sin_port=htons(53615), sin_addr=inet_addr("127.0.0.1")}, [128->16]) = 1000
[pid   263] <... sendto resumed>)       = 1000
[pid   264] recvfrom(6,  <unfinished ...>
[pid   263] sendto(4, "netperf\0netperf\0netperf\0netperf\0"..., 1000, 0, {sa_family=AF_INET, sin_port=htons(37428), sin_addr=inet_addr("127.0.0.1")}, 16 <unfinished ...>
[pid   264] <... recvfrom resumed>"netperf\0netperf\0netperf\0netperf\0"..., 1000, 0, {sa_family=AF_INET, sin_port=htons(53615), sin_addr=inet_addr("127.0.0.1")}, [16]) = 1000
[pid   263] <... sendto resumed>)       = 1000
[pid   264] recvfrom(6,  <unfinished ...>
[pid   263] sendto(4, "netperf\0netperf\0netperf\0netperf\0"..., 1000, 0, {sa_family=AF_INET, sin_port=htons(37428), sin_addr=inet_addr("127.0.0.1")}, 16 <unfinished ...>
[pid   264] <... recvfrom resumed>"netperf\0netperf\0netperf\0netperf\0"..., 1000, 0, {sa_family=AF_INET, sin_port=htons(53615), sin_addr=inet_addr("127.0.0.1")}, [16]) = 1000
[pid   263] <... sendto resumed>)       = 1000
[pid   264] recvfrom(6,  <unfinished ...>
[pid   263] sendto(4, "netperf\0netperf\0netperf\0netperf\0"..., 1000, 0, {sa_family=AF_INET, sin_port=htons(37428), sin_addr=inet_addr("127.0.0.1")}, 16 <unfinished ...>
[pid   264] <... recvfrom resumed>"netperf\0netperf\0netperf\0netperf\0"..., 1000, 0, {sa_family=AF_INET, sin_port=htons(53615), sin_addr=inet_addr("127.0.0.1")}, [16]) = 1000
[pid   263] <... sendto resumed>)       = 1000
[pid   264] recvfrom(6,  <unfinished ...>
[pid   263] sendto(4, "netperf\0netperf\0netperf\0netperf\0"..., 1000, 0, {sa_family=AF_INET, sin_port=htons(37428), sin_addr=inet_addr("127.0.0.1")}, 16 <unfinished ...>
[pid   264] <... recvfrom resumed>"netperf\0netperf\0netperf\0netperf\0"..., 1000, 0, {sa_family=AF_INET, sin_port=htons(53615), sin_addr=inet_addr("127.0.0.1")}, [16]) = 1000
[pid   263] <... sendto resumed>)       = 1000
[pid   264] recvfrom(6,  <unfinished ...>
[pid   263] sendto(4, "netperf\0netperf\0netperf\0netperf\0"..., 1000, 0, {sa_family=AF_INET, sin_port=htons(37428), sin_addr=inet_addr("127.0.0.1")}, 16 <unfinished ...>
[pid   264] <... recvfrom resumed>"netperf\0netperf\0netperf\0netperf\0"..., 1000, 0, {sa_family=AF_INET, sin_port=htons(53615), sin_addr=inet_addr("127.0.0.1")}, [16]) = 1000
[pid   263] <... sendto resumed>)       = 1000
[pid   264] recvfrom(6,  <unfinished ...>
[pid   263] sendto(4, "netperf\0netperf\0netperf\0netperf\0"..., 1000, 0, {sa_family=AF_INET, sin_port=htons(37428), sin_addr=inet_addr("127.0.0.1")}, 16 <unfinished ...>
[pid   264] <... recvfrom resumed>"netperf\0netperf\0netperf\0netperf\0"..., 1000, 0, {sa_family=AF_INET, sin_port=htons(53615), sin_addr=inet_addr("127.0.0.1")}, [16]) = 1000
[pid   263] <... sendto resumed>)       = 1000
[pid   264] recvfrom(6,  <unfinished ...>
[pid   263] sendto(4, "netperf\0netperf\0netperf\0netperf\0"..., 1000, 0, {sa_family=AF_INET, sin_port=htons(37428), sin_addr=inet_addr("127.0.0.1")}, 16 <unfinished ...>
[pid   264] <... recvfrom resumed>"netperf\0netperf\0netperf\0netperf\0"..., 1000, 0, {sa_family=AF_INET, sin_port=htons(53615), sin_addr=inet_addr("127.0.0.1")}, [16]) = 1000
[pid   263] <... sendto resumed>)       = 1000
[pid   264] recvfrom(6,  <unfinished ...>
[pid   263] sendto(4, "netperf\0netperf\0netperf\0netperf\0"..., 1000, 0, {sa_family=AF_INET, sin_port=htons(37428), sin_addr=inet_addr("127.0.0.1")}, 16 <unfinished ...>
[pid   264] <... recvfrom resumed>"netperf\0netperf\0netperf\0netperf\0"..., 1000, 0, {sa_family=AF_INET, sin_port=htons(53615), sin_addr=inet_addr("127.0.0.1")}, [16]) = 1000
[pid   263] <... sendto resumed>)       = 1000
[pid   264] recvfrom(6,  <unfinished ...>
[pid   263] sendto(4, "netperf\0netperf\0netperf\0netperf\0"..., 1000, 0, {sa_family=AF_INET, sin_port=htons(37428), sin_addr=inet_addr("127.0.0.1")}, 16 <unfinished ...>
[pid   264] <... recvfrom resumed>"netperf\0netperf\0netperf\0netperf\0"..., 1000, 0, {sa_family=AF_INET, sin_port=htons(53615), sin_addr=inet_addr("127.0.0.1")}, [16]) = 1000
[pid   263] <... sendto resumed>)       = 1000
[pid   264] recvfrom(6,  <unfinished ...>
[pid   263] sendto(4, "netperf\0netperf\0netperf\0netperf\0"..., 1000, 0, {sa_family=AF_INET, sin_port=htons(37428), sin_addr=inet_addr("127.0.0.1")}, 16 <unfinished ...>
[pid   264] <... recvfrom resumed>"netperf\0netperf\0netperf\0netperf\0"..., 1000, 0, {sa_family=AF_INET, sin_port=htons(53615), sin_addr=inet_addr("127.0.0.1")}, [16]) = 1000
[pid   263] <... sendto resumed>)       = 1000
[pid   264] recvfrom(6,  <unfinished ...>
[pid   263] sendto(4, "netperf\0netperf\0netperf\0netperf\0"..., 1000, 0, {sa_family=AF_INET, sin_port=htons(37428), sin_addr=inet_addr("127.0.0.1")}, 16 <unfinished ...>
[pid   264] <... recvfrom resumed>"netperf\0netperf\0netperf\0netperf\0"..., 1000, 0, {sa_family=AF_INET, sin_port=htons(53615), sin_addr=inet_addr("127.0.0.1")}, [16]) = 1000
[pid   263] <... sendto resumed>)       = 1000
[pid   264] recvfrom(6,  <unfinished ...>
[pid   263] sendto(4, "netperf\0netperf\0netperf\0netperf\0"..., 1000, 0, {sa_family=AF_INET, sin_port=htons(37428), sin_addr=inet_addr("127.0.0.1")}, 16 <unfinished ...>
[pid   264] <... recvfrom resumed>"netperf\0netperf\0netperf\0netperf\0"..., 1000, 0, {sa_family=AF_INET, sin_port=htons(53615), sin_addr=inet_addr("127.0.0.1")}, [16]) = 1000
[pid   263] <... sendto resumed>)       = 1000
[pid   264] recvfrom(6,  <unfinished ...>
[pid   263] sendto(4, "netperf\0netperf\0netperf\0netperf\0"..., 1000, 0, {sa_family=AF_INET, sin_port=htons(37428), sin_addr=inet_addr("127.0.0.1")}, 16 <unfinished ...>
[pid   264] <... recvfrom resumed>"netperf\0netperf\0netperf\0netperf\0"..., 1000, 0, {sa_family=AF_INET, sin_port=htons(53615), sin_addr=inet_addr("127.0.0.1")}, [16]) = 1000
[pid   263] <... sendto resumed>)       = 1000
[pid   264] recvfrom(6,  <unfinished ...>
[pid   263] sendto(4, "netperf\0netperf\0netperf\0netperf\0"..., 1000, 0, {sa_family=AF_INET, sin_port=htons(37428), sin_addr=inet_addr("127.0.0.1")}, 16 <unfinished ...>
[pid   264] <... recvfrom resumed>"netperf\0netperf\0netperf\0netperf\0"..., 1000, 0, {sa_family=AF_INET, sin_port=htons(53615), sin_addr=inet_addr("127.0.0.1")}, [16]) = 1000
[pid   263] <... sendto resumed>)       = 1000
[pid   264] recvfrom(6,  <unfinished ...>
[pid   263] sendto(4, "netperf\0netperf\0netperf\0netperf\0"..., 1000, 0, {sa_family=AF_INET, sin_port=htons(37428), sin_addr=inet_addr("127.0.0.1")}, 16 <unfinished ...>
[pid   264] <... recvfrom resumed>"netperf\0netperf\0netperf\0netperf\0"..., 1000, 0, {sa_family=AF_INET, sin_port=htons(53615), sin_addr=inet_addr("127.0.0.1")}, [16]) = 1000
[pid   263] <... sendto resumed>)       = 1000
[pid   264] recvfrom(6,  <unfinished ...>
[pid   263] sendto(4, "netperf\0netperf\0netperf\0netperf\0"..., 1000, 0, {sa_family=AF_INET, sin_port=htons(37428), sin_addr=inet_addr("127.0.0.1")}, 16 <unfinished ...>
[pid   264] <... recvfrom resumed>"netperf\0netperf\0netperf\0netperf\0"..., 1000, 0, {sa_family=AF_INET, sin_port=htons(53615), sin_addr=inet_addr("127.0.0.1")}, [16]) = 1000
[pid   263] <... sendto resumed>)       = 1000
[pid   264] recvfrom(6,  <unfinished ...>
[pid   263] sendto(4, "netperf\0netperf\0netperf\0netperf\0"..., 1000, 0, {sa_family=AF_INET, sin_port=htons(37428), sin_addr=inet_addr("127.0.0.1")}, 16 <unfinished ...>
[pid   264] <... recvfrom resumed>"netperf\0netperf\0netperf\0netperf\0"..., 1000, 0, {sa_family=AF_INET, sin_port=htons(53615), sin_addr=inet_addr("127.0.0.1")}, [16]) = 1000
[pid   263] <... sendto resumed>)       = 1000
[pid   264] recvfrom(6,  <unfinished ...>
[pid   263] sendto(4, "netperf\0netperf\0netperf\0netperf\0"..., 1000, 0, {sa_family=AF_INET, sin_port=htons(37428), sin_addr=inet_addr("127.0.0.1")}, 16 <unfinished ...>
[pid   264] <... recvfrom resumed>"netperf\0netperf\0netperf\0netperf\0"..., 1000, 0, {sa_family=AF_INET, sin_port=htons(53615), sin_addr=inet_addr("127.0.0.1")}, [16]) = 1000
[pid   263] <... sendto resumed>)       = 1000
[pid   264] recvfrom(6,  <unfinished ...>
[pid   263] sendto(4, "netperf\0netperf\0netperf\0netperf\0"..., 1000, 0, {sa_family=AF_INET, sin_port=htons(37428), sin_addr=inet_addr("127.0.0.1")}, 16 <unfinished ...>
[pid   264] <... recvfrom resumed>"netperf\0netperf\0netperf\0netperf\0"..., 1000, 0, {sa_family=AF_INET, sin_port=htons(53615), sin_addr=inet_addr("127.0.0.1")}, [16]) = 1000
[pid   263] <... sendto resumed>)       = 1000
[pid   264] recvfrom(6,  <unfinished ...>
[pid   263] sendto(4, "netperf\0netperf\0netperf\0netperf\0"..., 1000, 0, {sa_family=AF_INET, sin_port=htons(37428), sin_addr=inet_addr("127.0.0.1")}, 16 <unfinished ...>
[pid   264] <... recvfrom resumed>"netperf\0netperf\0netperf\0netperf\0"..., 1000, 0, {sa_family=AF_INET, sin_port=htons(53615), sin_addr=inet_addr("127.0.0.1")}, [16]) = 1000
[pid   263] <... sendto resumed>)       = 1000
[pid   264] recvfrom(6,  <unfinished ...>
[pid   263] sendto(4, "netperf\0netperf\0netperf\0netperf\0"..., 1000, 0, {sa_family=AF_INET, sin_port=htons(37428), sin_addr=inet_addr("127.0.0.1")}, 16 <unfinished ...>
[pid   264] <... recvfrom resumed>"netperf\0netperf\0netperf\0netperf\0"..., 1000, 0, {sa_family=AF_INET, sin_port=htons(53615), sin_addr=inet_addr("127.0.0.1")}, [16]) = 1000
[pid   263] <... sendto resumed>)       = 1000
[pid   264] recvfrom(6,  <unfinished ...>
[pid   263] sendto(4, "netperf\0netperf\0netperf\0netperf\0"..., 1000, 0, {sa_family=AF_INET, sin_port=htons(37428), sin_addr=inet_addr("127.0.0.1")}, 16 <unfinished ...>
[pid   264] <... recvfrom resumed>"netperf\0netperf\0netperf\0netperf\0"..., 1000, 0, {sa_family=AF_INET, sin_port=htons(53615), sin_addr=inet_addr("127.0.0.1")}, [16]) = 1000
[pid   263] <... sendto resumed>)       = 1000
[pid   264] recvfrom(6,  <unfinished ...>
[pid   263] sendto(4, "netperf\0netperf\0netperf\0netperf\0"..., 1000, 0, {sa_family=AF_INET, sin_port=htons(37428), sin_addr=inet_addr("127.0.0.1")}, 16 <unfinished ...>
[pid   264] <... recvfrom resumed>"netperf\0netperf\0netperf\0netperf\0"..., 1000, 0, {sa_family=AF_INET, sin_port=htons(53615), sin_addr=inet_addr("127.0.0.1")}, [16]) = 1000
[pid   263] <... sendto resumed>)       = 1000
[pid   264] recvfrom(6,  <unfinished ...>
[pid   263] sendto(4, "netperf\0netperf\0netperf\0netperf\0"..., 1000, 0, {sa_family=AF_INET, sin_port=htons(37428), sin_addr=inet_addr("127.0.0.1")}, 16 <unfinished ...>
[pid   264] <... recvfrom resumed>"netperf\0netperf\0netperf\0netperf\0"..., 1000, 0, {sa_family=AF_INET, sin_port=htons(53615), sin_addr=inet_addr("127.0.0.1")}, [16]) = 1000
[pid   263] <... sendto resumed>)       = 1000
[pid   264] recvfrom(6,  <unfinished ...>
[pid   263] sendto(4, "netperf\0netperf\0netperf\0netperf\0"..., 1000, 0, {sa_family=AF_INET, sin_port=htons(37428), sin_addr=inet_addr("127.0.0.1")}, 16 <unfinished ...>
[pid   264] <... recvfrom resumed>"netperf\0netperf\0netperf\0netperf\0"..., 1000, 0, {sa_family=AF_INET, sin_port=htons(53615), sin_addr=inet_addr("127.0.0.1")}, [16]) = 1000
[pid   263] <... sendto resumed>)       = 1000
[pid   264] recvfrom(6,  <unfinished ...>
[pid   263] sendto(4, "netperf\0netperf\0netperf\0netperf\0"..., 1000, 0, {sa_family=AF_INET, sin_port=htons(37428), sin_addr=inet_addr("127.0.0.1")}, 16 <unfinished ...>
[pid   264] <... recvfrom resumed>"netperf\0netperf\0netperf\0netperf\0"..., 1000, 0, {sa_family=AF_INET, sin_port=htons(53615), sin_addr=inet_addr("127.0.0.1")}, [16]) = 1000
[pid   263] <... sendto resumed>)       = 1000
[pid   264] recvfrom(6,  <unfinished ...>
[pid   263] sendto(4, "netperf\0netperf\0netperf\0netperf\0"..., 1000, 0, {sa_family=AF_INET, sin_port=htons(37428), sin_addr=inet_addr("127.0.0.1")}, 16 <unfinished ...>
[pid   264] <... recvfrom resumed>"netperf\0netperf\0netperf\0netperf\0"..., 1000, 0, {sa_family=AF_INET, sin_port=htons(53615), sin_addr=inet_addr("127.0.0.1")}, [16]) = 1000
[pid   263] <... sendto resumed>)       = 1000
[pid   264] recvfrom(6,  <unfinished ...>
[pid   263] sendto(4, "netperf\0netperf\0netperf\0netperf\0"..., 1000, 0, {sa_family=AF_INET, sin_port=htons(37428), sin_addr=inet_addr("127.0.0.1")}, 16 <unfinished ...>
[pid   264] <... recvfrom resumed>"netperf\0netperf\0netperf\0netperf\0"..., 1000, 0, {sa_family=AF_INET, sin_port=htons(53615), sin_addr=inet_addr("127.0.0.1")}, [16]) = 1000
[pid   263] <... sendto resumed>)       = 1000
[pid   264] recvfrom(6,  <unfinished ...>
[pid   263] sendto(4, "netperf\0netperf\0netperf\0netperf\0"..., 1000, 0, {sa_family=AF_INET, sin_port=htons(37428), sin_addr=inet_addr("127.0.0.1")}, 16 <unfinished ...>
[pid   264] <... recvfrom resumed>"netperf\0netperf\0netperf\0netperf\0"..., 1000, 0, {sa_family=AF_INET, sin_port=htons(53615), sin_addr=inet_addr("127.0.0.1")}, [16]) = 1000
[pid   263] <... sendto resumed>)       = 1000
[pid   264] recvfrom(6,  <unfinished ...>
[pid   263] sendto(4, "netperf\0netperf\0netperf\0netperf\0"..., 1000, 0, {sa_family=AF_INET, sin_port=htons(37428), sin_addr=inet_addr("127.0.0.1")}, 16 <unfinished ...>
[pid   264] <... recvfrom resumed>"netperf\0netperf\0netperf\0netperf\0"..., 1000, 0, {sa_family=AF_INET, sin_port=htons(53615), sin_addr=inet_addr("127.0.0.1")}, [16]) = 1000
[pid   263] <... sendto resumed>)       = 1000
[pid   264] recvfrom(6,  <unfinished ...>
[pid   263] sendto(4, "netperf\0netperf\0netperf\0netperf\0"..., 1000, 0, {sa_family=AF_INET, sin_port=htons(37428), sin_addr=inet_addr("127.0.0.1")}, 16 <unfinished ...>
[pid   264] <... recvfrom resumed>"netperf\0netperf\0netperf\0netperf\0"..., 1000, 0, {sa_family=AF_INET, sin_port=htons(53615), sin_addr=inet_addr("127.0.0.1")}, [16]) = 1000
[pid   263] <... sendto resumed>)       = 1000
[pid   264] recvfrom(6,  <unfinished ...>
[pid   263] sendto(4, "netperf\0netperf\0netperf\0netperf\0"..., 1000, 0, {sa_family=AF_INET, sin_port=htons(37428), sin_addr=inet_addr("127.0.0.1")}, 16 <unfinished ...>
[pid   264] <... recvfrom resumed>"netperf\0netperf\0netperf\0netperf\0"..., 1000, 0, {sa_family=AF_INET, sin_port=htons(53615), sin_addr=inet_addr("127.0.0.1")}, [16]) = 1000
[pid   263] <... sendto resumed>)       = 1000
[pid   264] recvfrom(6,  <unfinished ...>
[pid   263] sendto(4, "netperf\0netperf\0netperf\0netperf\0"..., 1000, 0, {sa_family=AF_INET, sin_port=htons(37428), sin_addr=inet_addr("127.0.0.1")}, 16 <unfinished ...>
[pid   264] <... recvfrom resumed>"netperf\0netperf\0netperf\0netperf\0"..., 1000, 0, {sa_family=AF_INET, sin_port=htons(53615), sin_addr=inet_addr("127.0.0.1")}, [16]) = 1000
[pid   263] <... sendto resumed>)       = 1000
[pid   264] recvfrom(6,  <unfinished ...>
[pid   263] sendto(4, "netperf\0netperf\0netperf\0netperf\0"..., 1000, 0, {sa_family=AF_INET, sin_port=htons(37428), sin_addr=inet_addr("127.0.0.1")}, 16 <unfinished ...>
[pid   264] <... recvfrom resumed>"netperf\0netperf\0netperf\0netperf\0"..., 1000, 0, {sa_family=AF_INET, sin_port=htons(53615), sin_addr=inet_addr("127.0.0.1")}, [16]) = 1000
[pid   263] <... sendto resumed>)       = 1000
[pid   264] recvfrom(6,  <unfinished ...>
[pid   263] sendto(4, "netperf\0netperf\0netperf\0netperf\0"..., 1000, 0, {sa_family=AF_INET, sin_port=htons(37428), sin_addr=inet_addr("127.0.0.1")}, 16 <unfinished ...>
[pid   264] <... recvfrom resumed>"netperf\0netperf\0netperf\0netperf\0"..., 1000, 0, {sa_family=AF_INET, sin_port=htons(53615), sin_addr=inet_addr("127.0.0.1")}, [16]) = 1000
[pid   263] <... sendto resumed>)       = 1000
[pid   264] recvfrom(6,  <unfinished ...>
[pid   263] sendto(4, "netperf\0netperf\0netperf\0netperf\0"..., 1000, 0, {sa_family=AF_INET, sin_port=htons(37428), sin_addr=inet_addr("127.0.0.1")}, 16 <unfinished ...>
[pid   264] <... recvfrom resumed>"netperf\0netperf\0netperf\0netperf\0"..., 1000, 0, {sa_family=AF_INET, sin_port=htons(53615), sin_addr=inet_addr("127.0.0.1")}, [16]) = 1000
[pid   263] <... sendto resumed>)       = 1000
[pid   264] recvfrom(6,  <unfinished ...>
[pid   263] sendto(4, "netperf\0netperf\0netperf\0netperf\0"..., 1000, 0, {sa_family=AF_INET, sin_port=htons(37428), sin_addr=inet_addr("127.0.0.1")}, 16 <unfinished ...>
[pid   264] <... recvfrom resumed>"netperf\0netperf\0netperf\0netperf\0"..., 1000, 0, {sa_family=AF_INET, sin_port=htons(53615), sin_addr=inet_addr("127.0.0.1")}, [16]) = 1000
[pid   263] <... sendto resumed>)       = 1000
[pid   264] recvfrom(6,  <unfinished ...>
[pid   263] sendto(4, "netperf\0netperf\0netperf\0netperf\0"..., 1000, 0, {sa_family=AF_INET, sin_port=htons(37428), sin_addr=inet_addr("127.0.0.1")}, 16 <unfinished ...>
[pid   264] <... recvfrom resumed>"netperf\0netperf\0netperf\0netperf\0"..., 1000, 0, {sa_family=AF_INET, sin_port=htons(53615), sin_addr=inet_addr("127.0.0.1")}, [16]) = 1000
[pid   263] <... sendto resumed>)       = 1000
[pid   264] recvfrom(6,  <unfinished ...>
[pid   263] sendto(4, "netperf\0netperf\0netperf\0netperf\0"..., 1000, 0, {sa_family=AF_INET, sin_port=htons(37428), sin_addr=inet_addr("127.0.0.1")}, 16 <unfinished ...>
[pid   264] <... recvfrom resumed>"netperf\0netperf\0netperf\0netperf\0"..., 1000, 0, {sa_family=AF_INET, sin_port=htons(53615), sin_addr=inet_addr("127.0.0.1")}, [16]) = 1000
[pid   263] <... sendto resumed>)       = 1000
[pid   264] recvfrom(6,  <unfinished ...>
[pid   263] sendto(4, "netperf\0netperf\0netperf\0netperf\0"..., 1000, 0, {sa_family=AF_INET, sin_port=htons(37428), sin_addr=inet_addr("127.0.0.1")}, 16 <unfinished ...>
[pid   264] <... recvfrom resumed>"netperf\0netperf\0netperf\0netperf\0"..., 1000, 0, {sa_family=AF_INET, sin_port=htons(53615), sin_addr=inet_addr("127.0.0.1")}, [16]) = 1000
[pid   263] <... sendto resumed>)       = 1000
[pid   264] recvfrom(6,  <unfinished ...>
[pid   263] sendto(4, "netperf\0netperf\0netperf\0netperf\0"..., 1000, 0, {sa_family=AF_INET, sin_port=htons(37428), sin_addr=inet_addr("127.0.0.1")}, 16 <unfinished ...>
[pid   264] <... recvfrom resumed>"netperf\0netperf\0netperf\0netperf\0"..., 1000, 0, {sa_family=AF_INET, sin_port=htons(53615), sin_addr=inet_addr("127.0.0.1")}, [16]) = 1000
[pid   263] <... sendto resumed>)       = 1000
[pid   264] recvfrom(6,  <unfinished ...>
[pid   263] sendto(4, "netperf\0netperf\0netperf\0netperf\0"..., 1000, 0, {sa_family=AF_INET, sin_port=htons(37428), sin_addr=inet_addr("127.0.0.1")}, 16 <unfinished ...>
